Time: 2025-12-11 08:36:35
URL: https://sandbox.cashfree.com/pg/orders
Order ID: order_10_1765438595
Payload: {"order_id":"order_10_1765438595","order_amount":899,"order_currency":"INR","customer_details":{"customer_id":"cust_1","customer_name":"megha","customer_email":"meghanaahir1@gmail.com","customer_phone":"9099112071"},"order_meta":{"return_url":"http:\/\/localhost\/clothing\/cashfree_return.php?order_id=10"}}
Response Code: 200
Response: {"cart_details":null,"cf_order_id":"2201897447","created_at":"2025-12-11T13:06:36+05:30","customer_details":{"customer_id":"cust_1","customer_name":"megha","customer_email":"meghanaahir1@gmail.com","customer_phone":"9099112071","customer_uid":null},"entity":"order","order_amount":899.00,"order_currency":"INR","order_expiry_time":"2026-01-10T13:06:36+05:30","order_id":"order_10_1765438595","order_meta":{"return_url":"http://localhost/clothing/cashfree_return.php?order_id=10","notify_url":null,"payment_methods":null},"order_note":null,"order_splits":[],"order_status":"ACTIVE","order_tags":null,"payment_session_id":"session_FnhxL_u0xWKyFgOskZbCufR-5uLnRp6K-30BPe16uIPFIBMKtezbbbtxMyfwt9MN2uo35U4mwGAlVUbkUavnGkrdq5g7BRtI2VJopMoKDIsN6fSOikAgcBwp-ZW2OApaymentpayment","terminal_data":null}

----------------
Time: 2025-12-11 08:45:27
URL: https://sandbox.cashfree.com/pg/orders
Order ID: order_11_1765439127
Payload: {"order_id":"order_11_1765439127","order_amount":499,"order_currency":"INR","customer_details":{"customer_id":"cust_1","customer_name":"megha","customer_email":"meghanaahir1@gmail.com","customer_phone":"9099112071"},"order_meta":{"return_url":"http:\/\/localhost\/clothing\/cashfree_return.php?order_id=11"}}
Response Code: 200
Response: {"cart_details":null,"cf_order_id":"2201897873","created_at":"2025-12-11T13:15:28+05:30","customer_details":{"customer_id":"cust_1","customer_name":"megha","customer_email":"meghanaahir1@gmail.com","customer_phone":"9099112071","customer_uid":null},"entity":"order","order_amount":499.00,"order_currency":"INR","order_expiry_time":"2026-01-10T13:15:28+05:30","order_id":"order_11_1765439127","order_meta":{"return_url":"http://localhost/clothing/cashfree_return.php?order_id=11","notify_url":null,"payment_methods":null},"order_note":null,"order_splits":[],"order_status":"ACTIVE","order_tags":null,"payment_session_id":"session_2ooFKhVqhi9qSUwBTlgJqN7joXa4aV_scncOMjxT00vyToS8-Dx7wZDPp9M3BoPRoQg4piNDqAvMkyErDOV0H13JsJqItnKYM0L6LuSyYsax54qFCRadKlxHCr1MNQpaymentpayment","terminal_data":null}

----------------
Time: 2025-12-11 08:46:20
URL: https://sandbox.cashfree.com/pg/orders
Order ID: order_12_1765439180
Payload: {"order_id":"order_12_1765439180","order_amount":999,"order_currency":"INR","customer_details":{"customer_id":"cust_1","customer_name":"megha","customer_email":"meghanaahir1@gmail.com","customer_phone":"9099112071"},"order_meta":{"return_url":"http:\/\/localhost\/clothing\/cashfree_return.php?order_id=12"}}
Response Code: 200
Response: {"cart_details":null,"cf_order_id":"2201897879","created_at":"2025-12-11T13:16:21+05:30","customer_details":{"customer_id":"cust_1","customer_name":"megha","customer_email":"meghanaahir1@gmail.com","customer_phone":"9099112071","customer_uid":null},"entity":"order","order_amount":999.00,"order_currency":"INR","order_expiry_time":"2026-01-10T13:16:21+05:30","order_id":"order_12_1765439180","order_meta":{"return_url":"http://localhost/clothing/cashfree_return.php?order_id=12","notify_url":null,"payment_methods":null},"order_note":null,"order_splits":[],"order_status":"ACTIVE","order_tags":null,"payment_session_id":"session_32HyuijnwJ5yxa5GMlaHithttGqwI9fa0_bgFq9pP8snGiP9ENiSrkwzBpNp4cbj0YdfdCUnLnWyu7HLXJB9qONOnZbcRO1jxqZNoLZBDY9pBmSM4Z6OtgpOL2FQqQpaymentpayment","terminal_data":null}

----------------
